// Vitest Snapshot v1

exports[`AddFriendForm tests > should render component 1`] = `
<div>
  <form
    class="payment-group-form"
  >
    <div
      class="container"
    >
      <div
        class="row"
      >
        <div
          class="col-2"
        >
          <label
            class="payment-group-form-label"
            for="personName"
          >
            Nombre persona:
          </label>
        </div>
        <div
          class="col-4"
        >
          <select
            class="payment-group-form-select"
            data-testid="personName"
            id="personName"
            name="personName"
            required=""
          >
            <option
              value=""
            >
              Seleccione
            </option>
            <option
              value="Pedro"
            >
              Pedro
            </option>
          </select>
        </div>
        <div
          class="col-2"
        >
          <label
            class="payment-group-form-label"
            for="description"
          >
            Descripción:
          </label>
        </div>
        <div
          class="col-4"
        >
          <textarea
            class="payment-group-form-input"
            data-testid="description"
            id="description"
            name="description"
            required=""
          />
        </div>
      </div>
      <div
        class="row"
      >
        <div
          class="col-2"
        >
          <label
            class="payment-group-form-label"
            for="totalAmount"
          >
            Importe (€):
          </label>
        </div>
        <div
          class="col-4"
        >
          <input
            class="payment-group-form-input"
            data-testid="totalAmount"
            id="totalAmount"
            min="0.01"
            name="totalAmount"
            placeholder="0,00 €"
            required=""
            step="any"
            type="number"
            value="0"
          />
        </div>
        <div
          class="col-2"
        >
          <label
            class="payment-group-form-label"
            for="paymentDate"
          >
            Fecha pago:
          </label>
        </div>
        <div
          class="col-4"
        >
          <input
            class="payment-group-form-input"
            data-testid="paymentDate"
            id="paymentDate"
            name="paymentDate"
            required=""
            type="datetime-local"
            value=""
          />
        </div>
      </div>
      <div
        class="row"
      >
        <div
          class="col-1 col-offset-11 text-end"
        >
          <button
            class="payment-group-form-button"
            disabled=""
            id="addFriendButton"
            type="submit"
          >
            Añadir
          </button>
        </div>
      </div>
    </div>
  </form>
</div>
`;
